    Checking gofer v0.1.0 (/home/e5ash/storage/vibe/gofer)
error[E0425]: cannot find type `RwLock` in this scope
  --> src/storage/lance.rs:43:12
   |
43 |     table: RwLock<Option<Table>>,
   |            ^^^^^^ not found in this scope
   |
help: consider importing one of these structs
   |
 1 + use std::sync::RwLock;
   |
 1 + use std::sync::nonpoison::RwLock;
   |
 1 + use tokio::sync::RwLock;
   |

error[E0433]: failed to resolve: use of undeclared type `RwLock`
  --> src/storage/lance.rs:56:20
   |
56 |             table: RwLock::new(None),
   |                    ^^^^^^ use of undeclared type `RwLock`
   |
help: consider importing one of these structs
   |
 1 + use std::sync::RwLock;
   |
 1 + use std::sync::nonpoison::RwLock;
   |
 1 + use tokio::sync::RwLock;
   |

error[E0282]: type annotations needed
   --> src/storage/lance.rs:222:27
    |
222 |         let table_opt = { self.table.read().await.clone() };
    |                           ^^^^^^^^^^^^^^^^^^^^^^^ cannot infer type

error[E0282]: type annotations needed
   --> src/storage/lance.rs:234:23
    |
234 |         let results = table
    |                       ^^^^^ cannot infer type

error[E0282]: type annotations needed
   --> src/storage/lance.rs:234:23
    |
234 |           let results = table
    |  _______________________^
235 | |             .query()
236 | |             .nearest_to(query_vector)?
237 | |             .refine_factor(5)
238 | |             .limit(fetch_limit)
239 | |             .execute()
240 | |             .await?
    | |___________________^ cannot infer type

error[E0282]: type annotations needed
   --> src/storage/lance.rs:247:23
    |
247 |             let ids = batch
    |                       ^^^^^ cannot infer type

error[E0282]: type annotations needed
   --> src/storage/lance.rs:249:28
    |
249 |                 .and_then(|c| c.as_any().downcast_ref::<StringArray>());
    |                            ^  - type must be known at this point
    |
help: consider giving this closure parameter an explicit type
    |
249 |                 .and_then(|c: /* Type */| c.as_any().downcast_ref::<StringArray>());
    |                             ++++++++++++

error[E0282]: type annotations needed
   --> src/storage/lance.rs:252:28
    |
252 |                 .and_then(|c| c.as_any().downcast_ref::<StringArray>());
    |                            ^  - type must be known at this point
    |
help: consider giving this closure parameter an explicit type
    |
252 |                 .and_then(|c: /* Type */| c.as_any().downcast_ref::<StringArray>());
    |                             ++++++++++++

error[E0282]: type annotations needed
   --> src/storage/lance.rs:255:28
    |
255 |                 .and_then(|c| c.as_any().downcast_ref::<StringArray>());
    |                            ^  - type must be known at this point
    |
help: consider giving this closure parameter an explicit type
    |
255 |                 .and_then(|c: /* Type */| c.as_any().downcast_ref::<StringArray>());
    |                             ++++++++++++

error[E0282]: type annotations needed
   --> src/storage/lance.rs:258:28
    |
258 |                 .and_then(|c| c.as_any().downcast_ref::<UInt32Array>());
    |                            ^  - type must be known at this point
    |
help: consider giving this closure parameter an explicit type
    |
258 |                 .and_then(|c: /* Type */| c.as_any().downcast_ref::<UInt32Array>());
    |                             ++++++++++++

error[E0282]: type annotations needed
   --> src/storage/lance.rs:261:28
    |
261 |                 .and_then(|c| c.as_any().downcast_ref::<UInt32Array>());
    |                            ^  - type must be known at this point
    |
help: consider giving this closure parameter an explicit type
    |
261 |                 .and_then(|c: /* Type */| c.as_any().downcast_ref::<UInt32Array>());
    |                             ++++++++++++

error[E0282]: type annotations needed
   --> src/storage/lance.rs:264:28
    |
264 |                 .and_then(|c| c.as_any().downcast_ref::<Float32Array>());
    |                            ^  - type must be known at this point
    |
help: consider giving this closure parameter an explicit type
    |
264 |                 .and_then(|c: /* Type */| c.as_any().downcast_ref::<Float32Array>());
    |                             ++++++++++++

error[E0282]: type annotations needed
   --> src/storage/lance.rs:275:37
    |
275 |                     let file_path = file_paths.value(i).to_string();
    |                                     ^^^^^^^^^^ cannot infer type

error[E0282]: type annotations needed
   --> src/storage/lance.rs:284:51
    |
284 |                     let distance = distances.map(|d| d.value(i)).unwrap_or(0.0);
    |                                                   ^  - type must be known at this point
    |
help: consider giving this closure parameter an explicit type
    |
284 |                     let distance = distances.map(|d: /* Type */| d.value(i)).unwrap_or(0.0);
    |                                                    ++++++++++++

error[E0282]: type annotations needed
   --> src/storage/lance.rs:288:29
    |
288 |                         id: ids.value(i).to_string(),
    |                             ^^^ cannot infer type

error[E0282]: type annotations needed
   --> src/storage/lance.rs:290:34
    |
290 |                         content: contents.value(i).to_string(),
    |                                  ^^^^^^^^ cannot infer type

error[E0282]: type annotations needed
   --> src/storage/lance.rs:291:37
    |
291 |                         line_start: line_starts.value(i),
    |                                     ^^^^^^^^^^^ cannot infer type

error[E0282]: type annotations needed
   --> src/storage/lance.rs:292:35
    |
292 |                         line_end: line_ends.value(i),
    |                                   ^^^^^^^^^ cannot infer type

error[E0308]: mismatched types
   --> src/daemon/state.rs:416:41
    |
416 |             IndexerService::new(sqlite, lance, self.embedder.clone(), workers).with_cache(cache);
    |             -------------------         ^^^^^ expected `Arc<Mutex<LanceStorage>>`, found `Arc<LanceStorage>`
    |             |
    |             arguments to this function are incorrect
    |
    = note: expected struct `Arc<tokio::sync::Mutex<lance::LanceStorage>>`
               found struct `Arc<lance::LanceStorage>`
note: associated function defined here
   --> src/indexer/service.rs:30:12
    |
 30 |     pub fn new(
    |            ^^^
 31 |         sqlite: SqliteStorage,
 32 |         lance: Arc<Mutex<LanceStorage>>,
    |         -------------------------------

error[E0308]: mismatched types
   --> src/daemon/state.rs:474:13
    |
472 |         let sync_indexer = IndexerService::new(
    |                            ------------------- arguments to this function are incorrect
473 |             project.sqlite.clone(),
474 |             project.lance.clone(),
    |             ^^^^^^^^^^^^^^^^^^^^^ expected `Arc<Mutex<LanceStorage>>`, found `Arc<LanceStorage>`
    |
    = note: expected struct `Arc<tokio::sync::Mutex<lance::LanceStorage>>`
               found struct `Arc<lance::LanceStorage>`
note: associated function defined here
   --> src/indexer/service.rs:30:12
    |
 30 |     pub fn new(
    |            ^^^
 31 |         sqlite: SqliteStorage,
 32 |         lance: Arc<Mutex<LanceStorage>>,
    |         -------------------------------

error[E0282]: type annotations needed
   --> src/storage/lance.rs:177:27
    |
177 |         let table_opt = { self.table.read().await.clone() };
    |                           ^^^^^^^^^^^^^^^^^^^^^^^ cannot infer type

error[E0282]: type annotations needed
   --> src/storage/lance.rs:190:25
    |
190 |                 let _ = table.delete(&filter).await;
    |                         ^^^^^ cannot infer type

error[E0282]: type annotations needed
   --> src/storage/lance.rs:197:17
    |
197 |                 table.add(Box::new(batches)).execute().await?;
    |                 ^^^^^ cannot infer type

error[E0282]: type annotations needed
   --> src/storage/lance.rs:327:27
    |
327 |         let table_opt = { self.table.read().await.clone() };
    |                           ^^^^^^^^^^^^^^^^^^^^^^^ cannot infer type

error[E0282]: type annotations needed
   --> src/storage/lance.rs:329:13
    |
329 |             table
    |             ^^^^^ cannot infer type

error[E0308]: mismatched types
   --> src/ipc/server.rs:565:21
    |
563 |                 let indexer = crate::indexer::service::IndexerService::new(
    |                               -------------------------------------------- arguments to this function are incorrect
564 |                     project.sqlite.clone(),
565 |                     project.lance.clone(),
    |                     ^^^^^^^^^^^^^^^^^^^^^ expected `Arc<Mutex<LanceStorage>>`, found `Arc<LanceStorage>`
    |
    = note: expected struct `Arc<tokio::sync::Mutex<lance::LanceStorage>>`
               found struct `Arc<lance::LanceStorage>`
note: associated function defined here
   --> src/indexer/service.rs:30:12
    |
 30 |     pub fn new(
    |            ^^^
 31 |         sqlite: SqliteStorage,
 32 |         lance: Arc<Mutex<LanceStorage>>,
    |         -------------------------------

error[E0308]: mismatched types
   --> src/ipc/server.rs:646:27
    |
646 |         lance: Arc::clone(&project.lance),
    |                ---------- ^^^^^^^^^^^^^^ expected `&Arc<Mutex<LanceStorage>>`, found `&Arc<LanceStorage>`
    |                |
    |                arguments to this function are incorrect
    |
    = note: expected reference `&Arc<tokio::sync::Mutex<lance::LanceStorage>>`
               found reference `&Arc<lance::LanceStorage>`
note: method defined here
   --> /home/e5ash/.rustup/toolchains/1.93.0-x86_64-unknown-linux-gnu/lib/rustlib/src/rust/library/core/src/clone.rs:236:8
    |
236 |     fn clone(&self) -> Self;
    |        ^^^^^

error[E0308]: mismatched types
   --> src/ipc/server.rs:777:27
    |
777 |         lance: Arc::clone(&project.lance),
    |                ---------- ^^^^^^^^^^^^^^ expected `&Arc<Mutex<LanceStorage>>`, found `&Arc<LanceStorage>`
    |                |
    |                arguments to this function are incorrect
    |
    = note: expected reference `&Arc<tokio::sync::Mutex<lance::LanceStorage>>`
               found reference `&Arc<lance::LanceStorage>`
note: method defined here
   --> /home/e5ash/.rustup/toolchains/1.93.0-x86_64-unknown-linux-gnu/lib/rustlib/src/rust/library/core/src/clone.rs:236:8
    |
236 |     fn clone(&self) -> Self;
    |        ^^^^^

error[E0308]: mismatched types
   --> src/ipc/server.rs:931:27
    |
931 |         lance: Arc::clone(&project.lance),
    |                ---------- ^^^^^^^^^^^^^^ expected `&Arc<Mutex<LanceStorage>>`, found `&Arc<LanceStorage>`
    |                |
    |                arguments to this function are incorrect
    |
    = note: expected reference `&Arc<tokio::sync::Mutex<lance::LanceStorage>>`
               found reference `&Arc<lance::LanceStorage>`
note: method defined here
   --> /home/e5ash/.rustup/toolchains/1.93.0-x86_64-unknown-linux-gnu/lib/rustlib/src/rust/library/core/src/clone.rs:236:8
    |
236 |     fn clone(&self) -> Self;
    |        ^^^^^

error[E0282]: type annotations needed
   --> src/storage/lance.rs:309:27
    |
309 |         let table_opt = { self.table.read().await.clone() };
    |                           ^^^^^^^^^^^^^^^^^^^^^^^ cannot infer type

error[E0282]: type annotations needed
   --> src/storage/lance.rs:311:25
    |
311 |             let count = table.count_rows(None).await?;
    |                         ^^^^^ cannot infer type

error[E0282]: type annotations needed
   --> src/storage/lance.rs:345:27
    |
345 |         let table_opt = { self.table.read().await.clone() };
    |                           ^^^^^^^^^^^^^^^^^^^^^^^ cannot infer type

error[E0282]: type annotations needed
   --> src/storage/lance.rs:350:25
    |
350 |         let row_count = table.count_rows(None).await?;
    |                         ^^^^^ cannot infer type

error[E0282]: type annotations needed
   --> src/storage/lance.rs:350:13
    |
350 |         let row_count = table.count_rows(None).await?;
    |             ^^^^^^^^^
...
403 |                 .set_index_meta("lance_last_index_rows", &row_count.to_string())
    |                                                           --------- type must be known at this point
    |
help: consider giving `row_count` an explicit type
    |
350 |         let row_count: /* Type */ = table.count_rows(None).await?;
    |                      ++++++++++++

error[E0282]: type annotations needed
   --> src/storage/lance.rs:413:27
    |
413 |         let table_opt = { self.table.read().await.clone() };
    |                           ^^^^^^^^^^^^^^^^^^^^^^^ cannot infer type

error[E0282]: type annotations needed
   --> src/storage/lance.rs:418:21
    |
418 |         let stats = table.optimize(OptimizeAction::All).await?;
    |                     ^^^^^ cannot infer type

Some errors have detailed explanations: E0282, E0308, E0425, E0433.
For more information about an error, try `rustc --explain E0282`.
error: could not compile `gofer` (bin "gofer") due to 36 previous errors
